ST47_TW10S.c:14:7:StringToFloat	40	static
ST47_TW10S.c:38:6:TW10S_deleteBuffer	24	static
ST47_TW10S.c:49:9:TW10S_sendCommand	40	static
ST47_TW10S.c:96:6:stopMeasure	8	static
ST47_TW10S.c:102:6:laserOn	8	static
ST47_TW10S.c:109:6:laserOff	8	static
ST47_TW10S.c:116:6:setOffset	40	static
ST47_TW10S.c:124:6:setRange	40	static
ST47_TW10S.c:132:6:setBaudrate	40	static
ST47_TW10S.c:140:6:setProtocol	40	static
ST47_TW10S.c:148:6:setFormat	40	static
ST47_TW10S.c:156:6:setSlaveAddress	40	static
ST47_TW10S.c:164:6:setFrequency	40	static
ST47_TW10S.c:172:6:setPower	40	static
ST47_TW10S.c:180:6:setMode	16	static
ST47_TW10S.c:186:7:getDistance	32	static
