ST47_TW10S.c:13:6:TW10S_deleteBuffer	24	static
ST47_TW10S.c:23:9:TW10S_sendCommand	40	static
ST47_TW10S.c:69:6:stopMeasure	8	static
ST47_TW10S.c:74:6:laserOn	8	static
ST47_TW10S.c:79:6:laserOff	8	static
ST47_TW10S.c:84:6:setOffset	40	static
ST47_TW10S.c:91:6:setRange	40	static
ST47_TW10S.c:98:6:setBaudrate	40	static
ST47_TW10S.c:105:6:setProtocol	40	static
ST47_TW10S.c:111:6:setFormat	40	static
ST47_TW10S.c:117:6:setSlaveAddress	40	static
ST47_TW10S.c:123:6:setFrequency	40	static
ST47_TW10S.c:129:6:setPower	40	static
ST47_TW10S.c:135:6:setMeasure	16	static
